---
http_interactions:
- request:
    method: get
    uri: instance_url/services/data/v26.0/sobjects/Opportunity/Name/R43534532545
    body:
      encoding: US-ASCII
      string: ''
    headers:
      User-Agent:
      - Faraday v0.8.9
      Authorization:
      - OAuth access_token
      Accept-Encoding:
      - gzip;q=1.0,deflate;q=0.6,identity;q=0.3
      Accept:
      - "*/*"
  response:
    status:
      code: 200
      message: OK
    headers:
      Date:
      - Fri, 23 Jan 2015 02:40:09 GMT
      Set-Cookie:
      - BrowserId=DNrBTp_tQgW20Ga1t5_ryg;Path=/;Domain=.salesforce.com;Expires=Tue,
        24-Mar-2015 02:40:09 GMT
      Expires:
      - Thu, 01 Jan 1970 00:00:00 GMT
      Sforce-Limit-Info:
      - api-usage=65/15000
      Last-Modified:
      - Fri, 23 Jan 2015 02:34:23 GMT
      Content-Type:
      - application/json;charset=UTF-8
      Transfer-Encoding:
      - chunked
    body:
      encoding: UTF-8
      string: '{"attributes":{"type":"Opportunity","url":"/services/data/v26.0/sobjects/Opportunity/006j0000002YAdbAAG"},"Id":"006j0000002YAdbAAG","IsDeleted":false,"AccountId":"001j0000001wYXZAA2","IsPrivate":false,"Name":"R43534532545","Description":null,"StageName":"closed-won","Amount":1600.0,"Probability":0.0,"ExpectedRevenue":0.0,"TotalOpportunityQuantity":16.0,"CloseDate":"2014-02-03","Type":null,"NextStep":null,"LeadSource":"Web","IsClosed":false,"IsWon":false,"ForecastCategory":"Omitted","ForecastCategoryName":"Omitted","CampaignId":null,"HasOpportunityLineItem":true,"Pricebook2Id":"01sj0000000DbL5AAK","OwnerId":"005j000000Au8sKAAR","CreatedDate":"2014-12-16T03:47:35.000+0000","CreatedById":"005j000000Au8sKAAR","LastModifiedDate":"2015-01-23T02:34:23.000+0000","LastModifiedById":"005j000000Au8sKAAR","SystemModstamp":"2015-01-23T02:34:23.000+0000","LastActivityDate":null,"FiscalQuarter":1,"FiscalYear":2014,"Fiscal":"2014
        1","DeliveryInstallationStatus__c":null,"TrackingNumber__c":null,"OrderNumber__c":null,"CurrentGenerators__c":null,"MainCompetitors__c":null}'
    http_version: 
  recorded_at: Fri, 23 Jan 2015 02:40:08 GMT
- request:
    method: get
    uri: instance_url/services/data/v26.0/query?q=SELECT%20Id%20FROM%20Note%20WHERE%20Title%20=%20'Shipment%20%23%2012836136992'%20AND%20ParentId%20=%20'006j0000002YAdbAAG'%20LIMIT%201
    body:
      encoding: US-ASCII
      string: ''
    headers:
      User-Agent:
      - Faraday v0.8.9
      Authorization:
      - OAuth access_token
      Accept-Encoding:
      - gzip;q=1.0,deflate;q=0.6,identity;q=0.3
      Accept:
      - "*/*"
  response:
    status:
      code: 200
      message: OK
    headers:
      Date:
      - Fri, 23 Jan 2015 02:40:10 GMT
      Set-Cookie:
      - BrowserId=tApdveRFRoibIiJC6sus-A;Path=/;Domain=.salesforce.com;Expires=Tue,
        24-Mar-2015 02:40:10 GMT
      Expires:
      - Thu, 01 Jan 1970 00:00:00 GMT
      Sforce-Limit-Info:
      - api-usage=65/15000
      Content-Type:
      - application/json;charset=UTF-8
      Transfer-Encoding:
      - chunked
    body:
      encoding: UTF-8
      string: '{"totalSize":1,"done":true,"records":[{"attributes":{"type":"Note","url":"/services/data/v26.0/sobjects/Note/002j0000001KkZBAA0"},"Id":"002j0000001KkZBAA0"}]}'
    http_version: 
  recorded_at: Fri, 23 Jan 2015 02:40:09 GMT
- request:
    method: patch
    uri: instance_url/services/data/v26.0/sobjects/Note/002j0000001KkZBAA0
    body:
      encoding: UTF-8
      string: '{"Title":"Shipment # 12836136992","Body":"Email: spree@example.com\nStatus:
        ready\nCost: 5\nShipping Method: UPS Ground (USD)\nTracking: 12345678\nItems:
        Spree T-Shirt\n","IsPrivate":false}'
    headers:
      User-Agent:
      - Faraday v0.8.9
      Content-Type:
      - application/json
      Authorization:
      - OAuth access_token
      Accept-Encoding:
      - gzip;q=1.0,deflate;q=0.6,identity;q=0.3
      Accept:
      - "*/*"
  response:
    status:
      code: 204
      message: No Content
    headers:
      Date:
      - Fri, 23 Jan 2015 02:40:11 GMT
      Set-Cookie:
      - BrowserId=pqwVhrT5SMWkkSuLEbDR9g;Path=/;Domain=.salesforce.com;Expires=Tue,
        24-Mar-2015 02:40:11 GMT
      Expires:
      - Thu, 01 Jan 1970 00:00:00 GMT
      Sforce-Limit-Info:
      - api-usage=65/15000
    body:
      encoding: UTF-8
      string: ''
    http_version: 
  recorded_at: Fri, 23 Jan 2015 02:40:10 GMT
recorded_with: VCR 2.9.3
