---
http_interactions:
- request:
    method: post
    uri: https://login.salesforce.com/services/oauth2/token
    body:
      encoding: US-ASCII
      string: grant_type=password&client_id=spree_id&client_secret=spree_secret&username=spree_user&password=spree_pwdspree_sec
    headers:
      User-Agent:
      - Faraday v0.8.9
      Content-Type:
      - application/x-www-form-urlencoded
      Accept-Encoding:
      - gzip;q=1.0,deflate;q=0.6,identity;q=0.3
      Accept:
      - "*/*"
  response:
    status:
      code: 200
      message: OK
    headers:
      Date:
      - Tue, 23 Dec 2014 01:36:20 GMT
      Set-Cookie:
      - BrowserId=zFB9tCnWQaq7N2fDatE7UA;Path=/;Domain=.salesforce.com;Expires=Sat,
        21-Feb-2015 01:36:20 GMT
      Expires:
      - Thu, 01 Jan 1970 00:00:00 GMT
      Pragma:
      - no-cache
      Cache-Control:
      - no-cache, no-store
      Content-Type:
      - application/json;charset=UTF-8
      Transfer-Encoding:
      - chunked
    body:
      encoding: UTF-8
      string: '{"id":"https://login.salesforce.com/id/00Dj0000000HAITEA4/005j000000Au8sKAAR","issued_at":"1419298580309","token_type":"Bearer","instance_url":"https://na16.salesforce.com","signature":"1c6jLVEdNZgozsHLElTootS9Su3AXYU6ESTPDoahsf4=","access_token":"00Dj0000000HAIT!AQoAQIChpiaVGX_HZUhn66J9fOQ39jGe6f1ckqSd7qjzl8OmYcWGjwRaRkEp09EL5la2u4c3L50pHme9QKRczPTtJzmvle_g"}'
    http_version: 
  recorded_at: Tue, 23 Dec 2014 01:36:20 GMT
- request:
    method: get
    uri: https://na16.salesforce.com/services/data/v26.0/query?q=select%20AccountId%20from%20Contact%20where%20Email%20=%20'spree@example.com'
    body:
      encoding: US-ASCII
      string: ''
    headers:
      User-Agent:
      - Faraday v0.8.9
      Authorization:
      - OAuth 00Dj0000000HAIT!AQoAQIChpiaVGX_HZUhn66J9fOQ39jGe6f1ckqSd7qjzl8OmYcWGjwRaRkEp09EL5la2u4c3L50pHme9QKRczPTtJzmvle_g
      Accept-Encoding:
      - gzip;q=1.0,deflate;q=0.6,identity;q=0.3
      Accept:
      - "*/*"
  response:
    status:
      code: 200
      message: OK
    headers:
      Date:
      - Tue, 23 Dec 2014 01:36:21 GMT
      Set-Cookie:
      - BrowserId=M9R6G1MmQbqbpGONIxaTjw;Path=/;Domain=.salesforce.com;Expires=Sat,
        21-Feb-2015 01:36:21 GMT
      Expires:
      - Thu, 01 Jan 1970 00:00:00 GMT
      Sforce-Limit-Info:
      - api-usage=78/15000
      Content-Type:
      - application/json;charset=UTF-8
      Transfer-Encoding:
      - chunked
    body:
      encoding: UTF-8
      string: '{"totalSize":1,"done":true,"records":[{"attributes":{"type":"Contact","url":"/services/data/v26.0/sobjects/Contact/003j0000001Qlh7AAC"},"AccountId":"001j0000001wYXZAA2"}]}'
    http_version: 
  recorded_at: Tue, 23 Dec 2014 01:36:21 GMT
- request:
    method: get
    uri: https://na16.salesforce.com/services/data/v26.0/query?q=select%20Id%20from%20Contact%20where%20Email%20=%20'spree@example.com'
    body:
      encoding: US-ASCII
      string: ''
    headers:
      User-Agent:
      - Faraday v0.8.9
      Authorization:
      - OAuth 00Dj0000000HAIT!AQoAQIChpiaVGX_HZUhn66J9fOQ39jGe6f1ckqSd7qjzl8OmYcWGjwRaRkEp09EL5la2u4c3L50pHme9QKRczPTtJzmvle_g
      Accept-Encoding:
      - gzip;q=1.0,deflate;q=0.6,identity;q=0.3
      Accept:
      - "*/*"
  response:
    status:
      code: 200
      message: OK
    headers:
      Date:
      - Tue, 23 Dec 2014 01:36:22 GMT
      Set-Cookie:
      - BrowserId=-SltBsVgTweibXbN7FLGPg;Path=/;Domain=.salesforce.com;Expires=Sat,
        21-Feb-2015 01:36:22 GMT
      Expires:
      - Thu, 01 Jan 1970 00:00:00 GMT
      Sforce-Limit-Info:
      - api-usage=78/15000
      Content-Type:
      - application/json;charset=UTF-8
      Transfer-Encoding:
      - chunked
    body:
      encoding: UTF-8
      string: '{"totalSize":1,"done":true,"records":[{"attributes":{"type":"Contact","url":"/services/data/v26.0/sobjects/Contact/003j0000001Qlh7AAC"},"Id":"003j0000001Qlh7AAC"}]}'
    http_version: 
  recorded_at: Tue, 23 Dec 2014 01:36:22 GMT
- request:
    method: patch
    uri: https://na16.salesforce.com/services/data/v26.0/sobjects/Contact/003j0000001Qlh7AAC
    body:
      encoding: UTF-8
      string: '{"FirstName":"Joe","LastName":"Smith","Email":"spree@example.com","MailingStreet":"1234
        Awesome Street","MailingCity":"Hollywood","MailingState":"California","MailingPostalCode":"90210","MailingCountry":"US","OtherStreet":"1234
        Awesome Street","OtherCity":"Hollywood","OtherState":"California","OtherPostalCode":"90210","OtherCountry":"US","Phone":"0000000000","OtherPhone":"0000000000","AccountId":"001j0000001wYXZAA2"}'
    headers:
      User-Agent:
      - Faraday v0.8.9
      Content-Type:
      - application/json
      Authorization:
      - OAuth 00Dj0000000HAIT!AQoAQIChpiaVGX_HZUhn66J9fOQ39jGe6f1ckqSd7qjzl8OmYcWGjwRaRkEp09EL5la2u4c3L50pHme9QKRczPTtJzmvle_g
      Accept-Encoding:
      - gzip;q=1.0,deflate;q=0.6,identity;q=0.3
      Accept:
      - "*/*"
  response:
    status:
      code: 204
      message: No Content
    headers:
      Date:
      - Tue, 23 Dec 2014 01:36:23 GMT
      Set-Cookie:
      - BrowserId=RAnzvQwMSUCFYZvG4awznA;Path=/;Domain=.salesforce.com;Expires=Sat,
        21-Feb-2015 01:36:23 GMT
      Expires:
      - Thu, 01 Jan 1970 00:00:00 GMT
      Sforce-Limit-Info:
      - api-usage=78/15000
    body:
      encoding: UTF-8
      string: ''
    http_version: 
  recorded_at: Tue, 23 Dec 2014 01:36:23 GMT
- request:
    method: post
    uri: https://login.salesforce.com/services/oauth2/token
    body:
      encoding: US-ASCII
      string: grant_type=password&client_id=spree_id&client_secret=spree_secret&username=spree_user&password=spree_pwdspree_sec
    headers:
      User-Agent:
      - Faraday v0.8.9
      Content-Type:
      - application/x-www-form-urlencoded
      Accept-Encoding:
      - gzip;q=1.0,deflate;q=0.6,identity;q=0.3
      Accept:
      - "*/*"
  response:
    status:
      code: 200
      message: OK
    headers:
      Date:
      - Tue, 23 Dec 2014 01:36:24 GMT
      Set-Cookie:
      - BrowserId=qi0_s0NYTu6eMgfxJjbQxw;Path=/;Domain=.salesforce.com;Expires=Sat,
        21-Feb-2015 01:36:24 GMT
      Expires:
      - Thu, 01 Jan 1970 00:00:00 GMT
      Pragma:
      - no-cache
      Cache-Control:
      - no-cache, no-store
      Content-Type:
      - application/json;charset=UTF-8
      Transfer-Encoding:
      - chunked
    body:
      encoding: UTF-8
      string: '{"id":"https://login.salesforce.com/id/00Dj0000000HAITEA4/005j000000Au8sKAAR","issued_at":"1419298584208","token_type":"Bearer","instance_url":"https://na16.salesforce.com","signature":"s/9FxMxkxgEq1ctMB8/280pau4V6Hgt/YrpVr7XoSo4=","access_token":"00Dj0000000HAIT!AQoAQIChpiaVGX_HZUhn66J9fOQ39jGe6f1ckqSd7qjzl8OmYcWGjwRaRkEp09EL5la2u4c3L50pHme9QKRczPTtJzmvle_g"}'
    http_version: 
  recorded_at: Tue, 23 Dec 2014 01:36:24 GMT
- request:
    method: get
    uri: https://na16.salesforce.com/services/data/v26.0/query?q=select%20Id%20from%20PriceBook2%20where%20Name%20=%20'Standard%20Price%20Book'
    body:
      encoding: US-ASCII
      string: ''
    headers:
      User-Agent:
      - Faraday v0.8.9
      Authorization:
      - OAuth 00Dj0000000HAIT!AQoAQIChpiaVGX_HZUhn66J9fOQ39jGe6f1ckqSd7qjzl8OmYcWGjwRaRkEp09EL5la2u4c3L50pHme9QKRczPTtJzmvle_g
      Accept-Encoding:
      - gzip;q=1.0,deflate;q=0.6,identity;q=0.3
      Accept:
      - "*/*"
  response:
    status:
      code: 200
      message: OK
    headers:
      Date:
      - Tue, 23 Dec 2014 01:36:25 GMT
      Set-Cookie:
      - BrowserId=KkLZFyJGQZePSL_XBdBtrA;Path=/;Domain=.salesforce.com;Expires=Sat,
        21-Feb-2015 01:36:25 GMT
      Expires:
      - Thu, 01 Jan 1970 00:00:00 GMT
      Sforce-Limit-Info:
      - api-usage=78/15000
      Content-Type:
      - application/json;charset=UTF-8
      Transfer-Encoding:
      - chunked
    body:
      encoding: UTF-8
      string: '{"totalSize":1,"done":true,"records":[{"attributes":{"type":"Pricebook2","url":"/services/data/v26.0/sobjects/Pricebook2/01sj0000000DbL5AAK"},"Id":"01sj0000000DbL5AAK"}]}'
    http_version: 
  recorded_at: Tue, 23 Dec 2014 01:36:25 GMT
- request:
    method: get
    uri: https://na16.salesforce.com/services/data/v26.0/query?q=SELECT%20Id%20FROM%20Opportunity%20WHERE%20Name%20=%20'R43534532545'%20LIMIT%201
    body:
      encoding: US-ASCII
      string: ''
    headers:
      User-Agent:
      - Faraday v0.8.9
      Authorization:
      - OAuth 00Dj0000000HAIT!AQoAQIChpiaVGX_HZUhn66J9fOQ39jGe6f1ckqSd7qjzl8OmYcWGjwRaRkEp09EL5la2u4c3L50pHme9QKRczPTtJzmvle_g
      Accept-Encoding:
      - gzip;q=1.0,deflate;q=0.6,identity;q=0.3
      Accept:
      - "*/*"
  response:
    status:
      code: 200
      message: OK
    headers:
      Date:
      - Tue, 23 Dec 2014 01:36:26 GMT
      Set-Cookie:
      - BrowserId=WVk7UypuQHuPZCYm6F0oGw;Path=/;Domain=.salesforce.com;Expires=Sat,
        21-Feb-2015 01:36:26 GMT
      Expires:
      - Thu, 01 Jan 1970 00:00:00 GMT
      Sforce-Limit-Info:
      - api-usage=78/15000
      Content-Type:
      - application/json;charset=UTF-8
      Transfer-Encoding:
      - chunked
    body:
      encoding: UTF-8
      string: '{"totalSize":1,"done":true,"records":[{"attributes":{"type":"Opportunity","url":"/services/data/v26.0/sobjects/Opportunity/006j0000002YAdbAAG"},"Id":"006j0000002YAdbAAG"}]}'
    http_version: 
  recorded_at: Tue, 23 Dec 2014 01:36:26 GMT
- request:
    method: patch
    uri: https://na16.salesforce.com/services/data/v26.0/sobjects/Opportunity/006j0000002YAdbAAG
    body:
      encoding: UTF-8
      string: '{"Amount":220,"CloseDate":"2014-02-03T17:29:15.219Z","Name":"R43534532545","Pricebook2Id":"01sj0000000DbL5AAK","LeadSource":"Web","StageName":"closed-won","AccountId":"001j0000001wYXZAA2"}'
    headers:
      User-Agent:
      - Faraday v0.8.9
      Content-Type:
      - application/json
      Authorization:
      - OAuth 00Dj0000000HAIT!AQoAQIChpiaVGX_HZUhn66J9fOQ39jGe6f1ckqSd7qjzl8OmYcWGjwRaRkEp09EL5la2u4c3L50pHme9QKRczPTtJzmvle_g
      Accept-Encoding:
      - gzip;q=1.0,deflate;q=0.6,identity;q=0.3
      Accept:
      - "*/*"
  response:
    status:
      code: 204
      message: No Content
    headers:
      Date:
      - Tue, 23 Dec 2014 01:36:26 GMT
      Set-Cookie:
      - BrowserId=FeCQ27mqRk2jKSKjczcfTA;Path=/;Domain=.salesforce.com;Expires=Sat,
        21-Feb-2015 01:36:26 GMT
      Expires:
      - Thu, 01 Jan 1970 00:00:00 GMT
      Sforce-Limit-Info:
      - api-usage=79/15000
    body:
      encoding: UTF-8
      string: ''
    http_version: 
  recorded_at: Tue, 23 Dec 2014 01:36:27 GMT
- request:
    method: post
    uri: https://login.salesforce.com/services/oauth2/token
    body:
      encoding: US-ASCII
      string: grant_type=password&client_id=spree_id&client_secret=spree_secret&username=spree_user&password=spree_pwdspree_sec
    headers:
      User-Agent:
      - Faraday v0.8.9
      Content-Type:
      - application/x-www-form-urlencoded
      Accept-Encoding:
      - gzip;q=1.0,deflate;q=0.6,identity;q=0.3
      Accept:
      - "*/*"
  response:
    status:
      code: 200
      message: OK
    headers:
      Date:
      - Tue, 23 Dec 2014 01:36:27 GMT
      Set-Cookie:
      - BrowserId=A4scOH8ETmK8I3HnTqs6zw;Path=/;Domain=.salesforce.com;Expires=Sat,
        21-Feb-2015 01:36:27 GMT
      Expires:
      - Thu, 01 Jan 1970 00:00:00 GMT
      Pragma:
      - no-cache
      Cache-Control:
      - no-cache, no-store
      Content-Type:
      - application/json;charset=UTF-8
      Transfer-Encoding:
      - chunked
    body:
      encoding: UTF-8
      string: '{"id":"https://login.salesforce.com/id/00Dj0000000HAITEA4/005j000000Au8sKAAR","issued_at":"1419298587904","token_type":"Bearer","instance_url":"https://na16.salesforce.com","signature":"2KZtk3fjComSC+sHsAzApY27oUbKgSk3zfam5KCN3FI=","access_token":"00Dj0000000HAIT!AQoAQIChpiaVGX_HZUhn66J9fOQ39jGe6f1ckqSd7qjzl8OmYcWGjwRaRkEp09EL5la2u4c3L50pHme9QKRczPTtJzmvle_g"}'
    http_version: 
  recorded_at: Tue, 23 Dec 2014 01:36:28 GMT
- request:
    method: get
    uri: https://na16.salesforce.com/services/data/v26.0/query?q=SELECT%20Id%20FROM%20Pricebook2%20WHERE%20isStandard%20=%20true
    body:
      encoding: US-ASCII
      string: ''
    headers:
      User-Agent:
      - Faraday v0.8.9
      Authorization:
      - OAuth 00Dj0000000HAIT!AQoAQIChpiaVGX_HZUhn66J9fOQ39jGe6f1ckqSd7qjzl8OmYcWGjwRaRkEp09EL5la2u4c3L50pHme9QKRczPTtJzmvle_g
      Accept-Encoding:
      - gzip;q=1.0,deflate;q=0.6,identity;q=0.3
      Accept:
      - "*/*"
  response:
    status:
      code: 200
      message: OK
    headers:
      Date:
      - Tue, 23 Dec 2014 01:36:28 GMT
      Set-Cookie:
      - BrowserId=Ik6SLbjfRGeO2pKpnGAXXA;Path=/;Domain=.salesforce.com;Expires=Sat,
        21-Feb-2015 01:36:28 GMT
      Expires:
      - Thu, 01 Jan 1970 00:00:00 GMT
      Sforce-Limit-Info:
      - api-usage=78/15000
      Content-Type:
      - application/json;charset=UTF-8
      Transfer-Encoding:
      - chunked
    body:
      encoding: UTF-8
      string: '{"totalSize":1,"done":true,"records":[{"attributes":{"type":"Pricebook2","url":"/services/data/v26.0/sobjects/Pricebook2/01sj0000000DbL5AAK"},"Id":"01sj0000000DbL5AAK"}]}'
    http_version: 
  recorded_at: Tue, 23 Dec 2014 01:36:28 GMT
- request:
    method: get
    uri: https://na16.salesforce.com/services/data/v26.0/query?q=select%20Id%20from%20Product2%20where%20ProductCode%20=%20'SPREE-T-SHIRT'
    body:
      encoding: US-ASCII
      string: ''
    headers:
      User-Agent:
      - Faraday v0.8.9
      Authorization:
      - OAuth 00Dj0000000HAIT!AQoAQIChpiaVGX_HZUhn66J9fOQ39jGe6f1ckqSd7qjzl8OmYcWGjwRaRkEp09EL5la2u4c3L50pHme9QKRczPTtJzmvle_g
      Accept-Encoding:
      - gzip;q=1.0,deflate;q=0.6,identity;q=0.3
      Accept:
      - "*/*"
  response:
    status:
      code: 200
      message: OK
    headers:
      Date:
      - Tue, 23 Dec 2014 01:36:29 GMT
      Set-Cookie:
      - BrowserId=k1f5-4QpQj26p7LXu0jv-A;Path=/;Domain=.salesforce.com;Expires=Sat,
        21-Feb-2015 01:36:29 GMT
      Expires:
      - Thu, 01 Jan 1970 00:00:00 GMT
      Sforce-Limit-Info:
      - api-usage=78/15000
      Content-Type:
      - application/json;charset=UTF-8
      Transfer-Encoding:
      - chunked
    body:
      encoding: UTF-8
      string: '{"totalSize":1,"done":true,"records":[{"attributes":{"type":"Product2","url":"/services/data/v26.0/sobjects/Product2/01tj00000005bjJAAQ"},"Id":"01tj00000005bjJAAQ"}]}'
    http_version: 
  recorded_at: Tue, 23 Dec 2014 01:36:29 GMT
- request:
    method: get
    uri: https://na16.salesforce.com/services/data/v26.0/query?q=SELECT%20Id,%20IsActive%20FROM%20PricebookEntry%20where%20Pricebook2Id%20=%20'01sj0000000DbL5AAK'%20and%20Product2Id%20=%20'01tj00000005bjJAAQ'
    body:
      encoding: US-ASCII
      string: ''
    headers:
      User-Agent:
      - Faraday v0.8.9
      Authorization:
      - OAuth 00Dj0000000HAIT!AQoAQIChpiaVGX_HZUhn66J9fOQ39jGe6f1ckqSd7qjzl8OmYcWGjwRaRkEp09EL5la2u4c3L50pHme9QKRczPTtJzmvle_g
      Accept-Encoding:
      - gzip;q=1.0,deflate;q=0.6,identity;q=0.3
      Accept:
      - "*/*"
  response:
    status:
      code: 200
      message: OK
    headers:
      Date:
      - Tue, 23 Dec 2014 01:36:30 GMT
      Set-Cookie:
      - BrowserId=Nd-B7XbbTAWulh20MvAGNA;Path=/;Domain=.salesforce.com;Expires=Sat,
        21-Feb-2015 01:36:30 GMT
      Expires:
      - Thu, 01 Jan 1970 00:00:00 GMT
      Sforce-Limit-Info:
      - api-usage=79/15000
      Content-Type:
      - application/json;charset=UTF-8
      Transfer-Encoding:
      - chunked
    body:
      encoding: UTF-8
      string: '{"totalSize":1,"done":true,"records":[{"attributes":{"type":"PricebookEntry","url":"/services/data/v26.0/sobjects/PricebookEntry/01uj0000000RWrGAAW"},"Id":"01uj0000000RWrGAAW","IsActive":true}]}'
    http_version: 
  recorded_at: Tue, 23 Dec 2014 01:36:30 GMT
- request:
    method: post
    uri: https://login.salesforce.com/services/oauth2/token
    body:
      encoding: US-ASCII
      string: grant_type=password&client_id=spree_id&client_secret=spree_secret&username=spree_user&password=spree_pwdspree_sec
    headers:
      User-Agent:
      - Faraday v0.8.9
      Content-Type:
      - application/x-www-form-urlencoded
      Accept-Encoding:
      - gzip;q=1.0,deflate;q=0.6,identity;q=0.3
      Accept:
      - "*/*"
  response:
    status:
      code: 200
      message: OK
    headers:
      Date:
      - Tue, 23 Dec 2014 01:36:31 GMT
      Set-Cookie:
      - BrowserId=3b-vCY4rTJucDMkPjKYt4w;Path=/;Domain=.salesforce.com;Expires=Sat,
        21-Feb-2015 01:36:31 GMT
      Expires:
      - Thu, 01 Jan 1970 00:00:00 GMT
      Pragma:
      - no-cache
      Cache-Control:
      - no-cache, no-store
      Content-Type:
      - application/json;charset=UTF-8
      Transfer-Encoding:
      - chunked
    body:
      encoding: UTF-8
      string: '{"id":"https://login.salesforce.com/id/00Dj0000000HAITEA4/005j000000Au8sKAAR","issued_at":"1419298591795","token_type":"Bearer","instance_url":"https://na16.salesforce.com","signature":"ZZIdluG4XRWENB8Dt1nyCftry+yPxJEMTAFqeyZl57c=","access_token":"00Dj0000000HAIT!AQoAQIChpiaVGX_HZUhn66J9fOQ39jGe6f1ckqSd7qjzl8OmYcWGjwRaRkEp09EL5la2u4c3L50pHme9QKRczPTtJzmvle_g"}'
    http_version: 
  recorded_at: Tue, 23 Dec 2014 01:36:31 GMT
- request:
    method: patch
    uri: https://na16.salesforce.com/services/data/v26.0/sobjects/PricebookEntry/01uj0000000RWrGAAW
    body:
      encoding: UTF-8
      string: '{"IsActive":true,"UnitPrice":100}'
    headers:
      User-Agent:
      - Faraday v0.8.9
      Content-Type:
      - application/json
      Authorization:
      - OAuth 00Dj0000000HAIT!AQoAQIChpiaVGX_HZUhn66J9fOQ39jGe6f1ckqSd7qjzl8OmYcWGjwRaRkEp09EL5la2u4c3L50pHme9QKRczPTtJzmvle_g
      Accept-Encoding:
      - gzip;q=1.0,deflate;q=0.6,identity;q=0.3
      Accept:
      - "*/*"
  response:
    status:
      code: 204
      message: No Content
    headers:
      Date:
      - Tue, 23 Dec 2014 01:36:32 GMT
      Set-Cookie:
      - BrowserId=jESw57I4T8mGr-wJlIFrzA;Path=/;Domain=.salesforce.com;Expires=Sat,
        21-Feb-2015 01:36:32 GMT
      Expires:
      - Thu, 01 Jan 1970 00:00:00 GMT
      Sforce-Limit-Info:
      - api-usage=81/15000
    body:
      encoding: UTF-8
      string: ''
    http_version: 
  recorded_at: Tue, 23 Dec 2014 01:36:32 GMT
- request:
    method: post
    uri: https://login.salesforce.com/services/oauth2/token
    body:
      encoding: US-ASCII
      string: grant_type=password&client_id=spree_id&client_secret=spree_secret&username=spree_user&password=spree_pwdspree_sec
    headers:
      User-Agent:
      - Faraday v0.8.9
      Content-Type:
      - application/x-www-form-urlencoded
      Accept-Encoding:
      - gzip;q=1.0,deflate;q=0.6,identity;q=0.3
      Accept:
      - "*/*"
  response:
    status:
      code: 200
      message: OK
    headers:
      Date:
      - Tue, 23 Dec 2014 01:36:33 GMT
      Set-Cookie:
      - BrowserId=kgAoW1JNRM6OneBqQtEAPw;Path=/;Domain=.salesforce.com;Expires=Sat,
        21-Feb-2015 01:36:33 GMT
      Expires:
      - Thu, 01 Jan 1970 00:00:00 GMT
      Pragma:
      - no-cache
      Cache-Control:
      - no-cache, no-store
      Content-Type:
      - application/json;charset=UTF-8
      Transfer-Encoding:
      - chunked
    body:
      encoding: UTF-8
      string: '{"id":"https://login.salesforce.com/id/00Dj0000000HAITEA4/005j000000Au8sKAAR","issued_at":"1419298593685","token_type":"Bearer","instance_url":"https://na16.salesforce.com","signature":"UAwXmK2ygxfQ07vm3LB7I+igZ7S4XUAE1hmJWvR6pv4=","access_token":"00Dj0000000HAIT!AQoAQIChpiaVGX_HZUhn66J9fOQ39jGe6f1ckqSd7qjzl8OmYcWGjwRaRkEp09EL5la2u4c3L50pHme9QKRczPTtJzmvle_g"}'
    http_version: 
  recorded_at: Tue, 23 Dec 2014 01:36:33 GMT
- request:
    method: get
    uri: https://na16.salesforce.com/services/data/v26.0/query?q=select%20Id%20from%20OpportunityLineItem%20where%20OpportunityId%20=%20'006j0000002YAdbAAG'%20and%20PricebookEntryId%20=%20'01uj0000000RWrGAAW'
    body:
      encoding: US-ASCII
      string: ''
    headers:
      User-Agent:
      - Faraday v0.8.9
      Authorization:
      - OAuth 00Dj0000000HAIT!AQoAQIChpiaVGX_HZUhn66J9fOQ39jGe6f1ckqSd7qjzl8OmYcWGjwRaRkEp09EL5la2u4c3L50pHme9QKRczPTtJzmvle_g
      Accept-Encoding:
      - gzip;q=1.0,deflate;q=0.6,identity;q=0.3
      Accept:
      - "*/*"
  response:
    status:
      code: 200
      message: OK
    headers:
      Date:
      - Tue, 23 Dec 2014 01:36:34 GMT
      Set-Cookie:
      - BrowserId=jGQnMetfSkOBJLgfWhRqaQ;Path=/;Domain=.salesforce.com;Expires=Sat,
        21-Feb-2015 01:36:34 GMT
      Expires:
      - Thu, 01 Jan 1970 00:00:00 GMT
      Sforce-Limit-Info:
      - api-usage=82/15000
      Content-Type:
      - application/json;charset=UTF-8
      Transfer-Encoding:
      - chunked
    body:
      encoding: UTF-8
      string: '{"totalSize":8,"done":true,"records":[{"attributes":{"type":"OpportunityLineItem","url":"/services/data/v26.0/sobjects/OpportunityLineItem/00kj0000003NIsNAAW"},"Id":"00kj0000003NIsNAAW"},{"attributes":{"type":"OpportunityLineItem","url":"/services/data/v26.0/sobjects/OpportunityLineItem/00kj0000003NIrUAAW"},"Id":"00kj0000003NIrUAAW"},{"attributes":{"type":"OpportunityLineItem","url":"/services/data/v26.0/sobjects/OpportunityLineItem/00kj0000003NJ88AAG"},"Id":"00kj0000003NJ88AAG"},{"attributes":{"type":"OpportunityLineItem","url":"/services/data/v26.0/sobjects/OpportunityLineItem/00kj0000003NJ8cAAG"},"Id":"00kj0000003NJ8cAAG"},{"attributes":{"type":"OpportunityLineItem","url":"/services/data/v26.0/sobjects/OpportunityLineItem/00kj0000003NJ8mAAG"},"Id":"00kj0000003NJ8mAAG"},{"attributes":{"type":"OpportunityLineItem","url":"/services/data/v26.0/sobjects/OpportunityLineItem/00kj0000003NJ8wAAG"},"Id":"00kj0000003NJ8wAAG"},{"attributes":{"type":"OpportunityLineItem","url":"/services/data/v26.0/sobjects/OpportunityLineItem/00kj0000003NJ9BAAW"},"Id":"00kj0000003NJ9BAAW"},{"attributes":{"type":"OpportunityLineItem","url":"/services/data/v26.0/sobjects/OpportunityLineItem/00kj0000003NJ9LAAW"},"Id":"00kj0000003NJ9LAAW"}]}'
    http_version: 
  recorded_at: Tue, 23 Dec 2014 01:36:34 GMT
- request:
    method: patch
    uri: https://na16.salesforce.com/services/data/v26.0/sobjects/OpportunityLineItem/00kj0000003NIsNAAW
    body:
      encoding: UTF-8
      string: '{"Quantity":2,"UnitPrice":100}'
    headers:
      User-Agent:
      - Faraday v0.8.9
      Content-Type:
      - application/json
      Authorization:
      - OAuth 00Dj0000000HAIT!AQoAQIChpiaVGX_HZUhn66J9fOQ39jGe6f1ckqSd7qjzl8OmYcWGjwRaRkEp09EL5la2u4c3L50pHme9QKRczPTtJzmvle_g
      Accept-Encoding:
      - gzip;q=1.0,deflate;q=0.6,identity;q=0.3
      Accept:
      - "*/*"
  response:
    status:
      code: 204
      message: No Content
    headers:
      Date:
      - Tue, 23 Dec 2014 01:36:35 GMT
      Set-Cookie:
      - BrowserId=-FD4Xac7Ts6rPo6UqhSXZg;Path=/;Domain=.salesforce.com;Expires=Sat,
        21-Feb-2015 01:36:35 GMT
      Expires:
      - Thu, 01 Jan 1970 00:00:00 GMT
      Sforce-Limit-Info:
      - api-usage=81/15000
    body:
      encoding: UTF-8
      string: ''
    http_version: 
  recorded_at: Tue, 23 Dec 2014 01:36:35 GMT
- request:
    method: post
    uri: https://login.salesforce.com/services/oauth2/token
    body:
      encoding: US-ASCII
      string: grant_type=password&client_id=spree_id&client_secret=spree_secret&username=spree_user&password=spree_pwdspree_sec
    headers:
      User-Agent:
      - Faraday v0.8.9
      Content-Type:
      - application/x-www-form-urlencoded
      Accept-Encoding:
      - gzip;q=1.0,deflate;q=0.6,identity;q=0.3
      Accept:
      - "*/*"
  response:
    status:
      code: 200
      message: OK
    headers:
      Date:
      - Tue, 23 Dec 2014 01:36:36 GMT
      Set-Cookie:
      - BrowserId=u5rtYkVVQm2yExBDP0Wo2g;Path=/;Domain=.salesforce.com;Expires=Sat,
        21-Feb-2015 01:36:36 GMT
      Expires:
      - Thu, 01 Jan 1970 00:00:00 GMT
      Pragma:
      - no-cache
      Cache-Control:
      - no-cache, no-store
      Content-Type:
      - application/json;charset=UTF-8
      Transfer-Encoding:
      - chunked
    body:
      encoding: UTF-8
      string: '{"id":"https://login.salesforce.com/id/00Dj0000000HAITEA4/005j000000Au8sKAAR","issued_at":"1419298596483","token_type":"Bearer","instance_url":"https://na16.salesforce.com","signature":"L8M1SkkbjSE6PD5zk5mwTvzgxq2wmYIohvD+/P1enFg=","access_token":"00Dj0000000HAIT!AQoAQIChpiaVGX_HZUhn66J9fOQ39jGe6f1ckqSd7qjzl8OmYcWGjwRaRkEp09EL5la2u4c3L50pHme9QKRczPTtJzmvle_g"}'
    http_version: 
  recorded_at: Tue, 23 Dec 2014 01:36:36 GMT
- request:
    method: get
    uri: https://na16.salesforce.com/services/data/v26.0/query?q=SELECT%20Id%20FROM%20Note%20WHERE%20Title%20=%20'Payment%20%23%2063'%20AND%20ParentId%20=%20'006j0000002YAdbAAG'%20LIMIT%201
    body:
      encoding: US-ASCII
      string: ''
    headers:
      User-Agent:
      - Faraday v0.8.9
      Authorization:
      - OAuth 00Dj0000000HAIT!AQoAQIChpiaVGX_HZUhn66J9fOQ39jGe6f1ckqSd7qjzl8OmYcWGjwRaRkEp09EL5la2u4c3L50pHme9QKRczPTtJzmvle_g
      Accept-Encoding:
      - gzip;q=1.0,deflate;q=0.6,identity;q=0.3
      Accept:
      - "*/*"
  response:
    status:
      code: 200
      message: OK
    headers:
      Date:
      - Tue, 23 Dec 2014 01:36:37 GMT
      Set-Cookie:
      - BrowserId=H-kwGGnbREq53KIA56_ZTQ;Path=/;Domain=.salesforce.com;Expires=Sat,
        21-Feb-2015 01:36:37 GMT
      Expires:
      - Thu, 01 Jan 1970 00:00:00 GMT
      Sforce-Limit-Info:
      - api-usage=81/15000
      Content-Type:
      - application/json;charset=UTF-8
      Transfer-Encoding:
      - chunked
    body:
      encoding: UTF-8
      string: '{"totalSize":0,"done":true,"records":[]}'
    http_version: 
  recorded_at: Tue, 23 Dec 2014 01:36:37 GMT
- request:
    method: post
    uri: https://na16.salesforce.com/services/data/v26.0/sobjects/Note
    body:
      encoding: UTF-8
      string: '{"Title":"Payment # 63","Body":"Number: 63\nStatus: completed\nAmount:
        220\nPayment Method: Credit Card\n","IsPrivate":false,"ParentId":"006j0000002YAdbAAG"}'
    headers:
      User-Agent:
      - Faraday v0.8.9
      Content-Type:
      - application/json
      Authorization:
      - OAuth 00Dj0000000HAIT!AQoAQIChpiaVGX_HZUhn66J9fOQ39jGe6f1ckqSd7qjzl8OmYcWGjwRaRkEp09EL5la2u4c3L50pHme9QKRczPTtJzmvle_g
      Accept-Encoding:
      - gzip;q=1.0,deflate;q=0.6,identity;q=0.3
      Accept:
      - "*/*"
  response:
    status:
      code: 201
      message: Created
    headers:
      Date:
      - Tue, 23 Dec 2014 01:36:38 GMT
      Set-Cookie:
      - BrowserId=Lt9AOfs0QSueNHDERz5KGg;Path=/;Domain=.salesforce.com;Expires=Sat,
        21-Feb-2015 01:36:38 GMT
      Expires:
      - Thu, 01 Jan 1970 00:00:00 GMT
      Sforce-Limit-Info:
      - api-usage=81/15000
      Location:
      - "/services/data/v26.0/sobjects/Note/002j0000001KkZLAA0"
      Content-Type:
      - application/json;charset=UTF-8
      Transfer-Encoding:
      - chunked
    body:
      encoding: UTF-8
      string: '{"id":"002j0000001KkZLAA0","success":true,"errors":[]}'
    http_version: 
  recorded_at: Tue, 23 Dec 2014 01:36:38 GMT
recorded_with: VCR 2.9.3
